// Jest Snapshot v1, https://goo.gl/fbAQLP

exports[`test over addCategory should display correctly 1`] = `
<form
  onSubmit={[Function]}
>
  <p />
  <input
    onChange={[Function]}
    placeholder="Input Category Name"
    type="text"
    value=""
  />
</form>
`;
